                                                                                                                        
Compare: web load (staging)                                                                                             
  Run A: 2026-03-02T10:00:00Z   Run B: 2026-03-03T10:00:00Z                                                             
                                                                                                                        
╭──────────────────────────────────────────────────────────────────────────────────────────────────────────────────────╮
│k6 Metrics [1]                                                                                                        │
│Metric                 Run A        Run B        Delta                                                                │
│─────────────────────────────────────────────────────────────────────                                                 │
│p95 latency                   500ms        350ms      -30.0% ↓ better                                                 │
│p90 latency                   400ms        280ms      -30.0% ↓ better                                                 │
│Error rate                     0.01        0.005      -50.0% ↓ better                                                 │
│Throughput                     50/s         60/s      +20.0% ↑ better                                                 │
│Checks rate                    0.99        0.995       +0.5% ↑ better                                                 │
│Total requests                 5000         6000      +20.0% ↑ better                                                 │
│                                                                                                                      │
│                                                                                                                      │
│                                                                                                                      │
│                                                                                                                      │
│                                                                                                                      │
│                                                                                                                      │
│                                                                                                                      │
╰──────────────────────────────────────────────────────────────────────────────────────────────────────────────────────╯
╭──────────────────────────────────────────────────────────────────────────────────────────────────────────────────────╮
│Infrastructure [2]                                                                                                    │
│Infrastructure         Run A        Run B        Delta                                                                │
│─────────────────────────────────────────────────────────────────────                                                 │
│ECS CPU peak                    70%          65%       -7.1% ↓ better                                                 │
│ECS memory peak                 55%          52%       -5.5% ↓ better                                                 │
│Tasks (before/after)            1/2          1/2                                                                      │
│ASG (before/after)              1/1          1/1                                                                      │
│ALB 5xx total                     0            2                  new                                                 │
│                                                                                                                      │
│                                                                                                                      │
│                                                                                                                      │
│                                                                                                                      │
│                                                                                                                      │
│                                                                                                                      │
│                                                                                                                      │
│                                                                                                                      │
╰──────────────────────────────────────────────────────────────────────────────────────────────────────────────────────╯
                                                                                                                        
  8 improved · 0 regressed · 5 unchanged                                                                                
                                                                                                                        
  tab next panel · ↑↓ scroll · s sort · q quit                                                                          