                                                                                                                        
Compare: web load (staging)                                                                                             
  Run A: 2026-03-02T10:00:00Z   Run B: 2026-03-03T10:00:00Z                                                             
                                                                                                                        
╭────────────╮╭────────────╮╭────────────╮╭────────────╮╭────────────╮╭────────────╮                                    
│   30%      ││   30%      ││   50%      ││   20%      ││    0%      ││   20%      │                                    
│▰▰▰▰▰▰░░░░  ││▰▰▰▰▰▰░░░░  ││▰▰▰▰▰▰▰▰▰▰  ││▰▰▰▰░░░░░░  ││░░░░░░░░░░  ││▰▰▰▰░░░░░░  │                                    
│   p95      ││   p90      ││   err      ││   rps      ││   chk      ││   reqs     │                                    
╰────────────╯╰────────────╯╰────────────╯╰────────────╯╰────────────╯╰────────────╯                                    
╭──────────────────────────────────────────────────────────────────────────────────────────────────────────────────────╮
│k6 Metrics [1] (1/24) [Enter]                                                                                         │
│ p95 latency  ✓ -30.0% ↓                                                                                              │
│   A: 500ms        ▓▓▓▓▓▓▓▓▓▓▓▓▓▓▓▓▓▓▓▓▓▓▓▓▓▓▓▓▓▓▓▓▓▓▓▓▓▓▓▓▓▓▓▓▓▓▓▓▓▓▓▓▓▓▓▓▓▓▓▓▓▓▓▓▓▓▓▓▓▓▓▓▓▓▓▓▓▓▓▓▓▓▓▓▓▓▓▓▓▓▓▓▓▓     │
│   B: 350ms        ▓▓▓▓▓▓▓▓▓▓▓▓▓▓▓▓▓▓▓▓▓▓▓▓▓▓▓▓▓▓▓▓▓▓▓▓▓▓▓▓▓▓▓▓▓▓▓▓▓▓▓▓▓▓▓▓▓▓▓▓▓▓▓▓▓                                  │
│                                                                                                                      │
│ p90 latency  ✓ -30.0% ↓                                                                                              │
│   A: 400ms        ▓▓▓▓▓▓▓▓▓▓▓▓▓▓▓▓▓▓▓▓▓▓▓▓▓▓▓▓▓▓▓▓▓▓▓▓▓▓▓▓▓▓▓▓▓▓▓▓▓▓▓▓▓▓▓▓▓▓▓▓▓▓▓▓▓▓▓▓▓▓▓▓▓▓▓▓▓▓▓▓▓▓▓▓▓▓▓▓▓▓▓▓▓▓     │
│   B: 280ms        ▓▓▓▓▓▓▓▓▓▓▓▓▓▓▓▓▓▓▓▓▓▓▓▓▓▓▓▓▓▓▓▓▓▓▓▓▓▓▓▓▓▓▓▓▓▓▓▓▓▓▓▓▓▓▓▓▓▓▓▓▓▓▓▓▓                                  │
│                                                                                                                      │
│ Error rate  ✓ -50.0% ↓                                                                                               │
│   A: 0.01         ▓▓▓▓▓▓▓▓▓▓▓▓▓▓▓▓▓▓▓▓▓▓▓▓▓▓▓▓▓▓▓▓▓▓▓▓▓▓▓▓▓▓▓▓▓▓▓▓▓▓▓▓▓▓▓▓▓▓▓▓▓▓▓▓▓▓▓▓▓▓▓▓▓▓▓▓▓▓▓▓▓▓▓▓▓▓▓▓▓▓▓▓▓▓     │
│   B: 0.005        ▓▓▓▓▓▓▓▓▓▓▓▓▓▓▓▓▓▓▓▓▓▓▓▓▓▓▓▓▓▓▓▓▓▓▓▓▓▓▓▓▓▓▓▓▓▓▓                                                    │
│                                                                                                                      │
│ Throughput  ✓ +20.0% ↑                                                                                               │
│   A: 50/s         ▓▓▓▓▓▓▓▓▓▓▓▓▓▓▓▓▓▓▓▓▓▓▓▓▓▓▓▓▓▓▓▓▓▓▓▓▓▓▓▓▓▓▓▓▓▓▓▓▓▓▓▓▓▓▓▓▓▓▓▓▓▓▓▓▓▓▓▓▓▓▓▓▓▓▓▓▓▓                     │
│   B: 60/s         ▓▓▓▓▓▓▓▓▓▓▓▓▓▓▓▓▓▓▓▓▓▓▓▓▓▓▓▓▓▓▓▓▓▓▓▓▓▓▓▓▓▓▓▓▓▓▓▓▓▓▓▓▓▓▓▓▓▓▓▓▓▓▓▓▓▓▓▓▓▓▓▓▓▓▓▓▓▓▓▓▓▓▓▓▓▓▓▓▓▓▓▓▓▓     │
╰──────────────────────────────────────────────────────────────────────────────────────────────────────────────────────╯
                                                                                                                        
╭──────────────────────────────────────────────────────────────────────────────────────────────────────────────────────╮
│  N O   R E G R E S S I O N                                                                                           │
│  8 improved · 0 regressed · 5 unchanged                                                                              │
╰──────────────────────────────────────────────────────────────────────────────────────────────────────────────────────╯
                                                                                                                        
  q quit · enter drill · ↑↓ scroll · s sort · e export · ? help · esc close                                             