k6delta: test-app (staging) -- analyze                                                                                    
                                                                                                                          
  Cluster:  test-cluster                                                                                                  
  Service:  test-service                                                                                                  
  Window:   2026-01-15T10:00:00Z -> 2026-01-15T10:01:00Z                                                                  
  Period:   10s                                                                                                           
                                                                                                                          
╭──────────────────────────────────────────────────────────────────────────────────────────────────────────────────────╮  
│State [1]                                                                                                             │  
│ ╭──────────────╮╭──────────────╮                                                                                     │  
│ │     4        ││     2        │                                                                                     │  
│ │▲ run=4 des=4 ││▲ in=2 des=2  │                                                                                     │  
│ │   tasks      ││    asg       │                                                                                     │  
│ ╰──────────────╯╰──────────────╯                                                                                     │  
│                                                                                                                      │  
│                                                                                                                      │  
│                                                                                                                      │  
╰──────────────────────────────────────────────────────────────────────────────────────────────────────────────────────╯  
╭────────────────────────────────────────────────────────────────╮╭──────────────────────────────────────────────────────╮
│Metrics [2]                                                     ││Activities [3]                                        │
│ ╭──────────────╮╭──────────────╮                               ││   cpu   ▁▁▁▁▁▁▁▁▁▁▁▁▁▁▁▁▁▁▁▁▁▁▁▁▁▅▆█▇▅  55% peak     │
│ │    55%       ││    530%      │                               ││   mem   ▁▁▁▁▁▁▁▁▁▁▁▁▁▁▁▁▁▁▁▁▁▁▁▁▁▇▇█▇▇  530% peak    │
│ │░░░░░░░░░░░░  ││░░░░░░░░░░░░  │                               ││   even                                               │
│ │   ▁▃█▅▂      ││   ▁▄█▆▃      │                               ││ ts    ·······▸──────────────✓·······                 │
│ │    cpu       ││    mem       │                               ││                                                      │
│ ╰──────────────╯╰──────────────╯                               ││                                                      │
│                                                                ││                                                      │
│                                                                ││                                                      │
│                                                                ││                                                      │
│                                                                ││                                                      │
│                                                                ││                                                      │
│                                                                ││                                                      │
│                                                                ││                                                      │
│                                                                ││                                                      │
│                                                                ││                                                      │
│                                                                ││                                                      │
│                                                                ││                                                      │
│                                                                ││                                                      │
│                                                                ││                                                      │
│                                                                ││                                                      │
│                                                                ││                                                      │
│                                                                ││                                                      │
│                                                                ││                                                      │
╰────────────────────────────────────────────────────────────────╯╰──────────────────────────────────────────────────────╯
                                                                                                                          
  q quit · tab panel · 1-3 jump · + expand · ↑↓ scroll · e export · ? help                                                