k6delta: test-app (staging) -- analyze                                  
                                                                        
  Cluster:  test-cluster                                                
  Service:  test-service                                                
  Window:   2026-01-15T10:00:00Z -> 2026-01-15T10:01:00Z                
  Period:   10s                                                         
                                                                        
Current State                                                           
                                                                        
  ECS Tasks:  running=4  desired=4                                      
  ASG:        in_service=2  desired=2                                   
                                                                        
Metrics                                                                 
Metric                              Peak       Avg        Points        
──────────────────────────────────────────────────────────────────      
service_cpu                              55.00      43.60        5      
service_memory                          530.00     521.00        5      
                                                                        
Scaling Activities                                                      
                                                                        
ECS Task Scaling:                                                       
  2026-01-15T10:00:15Z  Successful  ECS service scaled from 2 to 4 tasks
                                                                        
  q quit · tab next panel · ↑↓ scroll · e export JSON                   