k6delta: test-app (staging) -- smoke                                            
                                                                                
  ◯ AWS credentials                                                             
  ◯ Pre-snapshot                                                                
  ◯ Running k6                                                                  
  ◯ Post-snapshot                                                               
  ◯ Analysis                                                                    
  ◯ Report                                                                      
                                                                                
╭───────────────────────────────────────────────────────────╮                   
│k6 Summary [1]                                             │                   
│p95 latency                 150.0ms                        │                   
│p90 latency                 120.0ms                        │                   
│Checks                      99.8%                          │                   
│Total reqs                  5000                           │                   
│                                                           │                   
│                                                           │                   
│                                                           │                   
│                                                           │                   
│                                                           │                   
│                                                           │                   
│                                                           │                   
│                                                           │                   
│                                                           │                   
│                                                           │                   
│                                                           │                   
╰───────────────────────────────────────────────────────────╯                   
╭───────────────────────────────────────────────────────────╮                   
│Graphs [2]                                                 │                   
│No metric data for graphs                                  │                   
│                                                           │                   
│                                                           │                   
│                                                           │                   
│                                                           │                   
│                                                           │                   
│                                                           │                   
│                                                           │                   
│                                                           │                   
│                                                           │                   
│                                                           │                   
│                                                           │                   
│                                                           │                   
│                                                           │                   
│                                                           │                   
╰───────────────────────────────────────────────────────────╯                   
╭────────────────────────────────────────────────────────────────╮              
│Infrastructure [3]                                              │              
│ECS tasks                   4 -> 4    -                         │              
│EC2 instances               2 -> 2    -                         │              
│                                                                │              
│ECS CPU                     peak=55.0%  avg=43.6%               │              
│ECS Memory                  peak=530.0%  avg=521.0%             │              
│                                                                │              
│                                                                │              
│                                                                │              
│                                                                │              
│                                                                │              
│                                                                │              
│                                                                │              
│                                                                │              
│                                                                │              
│                                                                │              
╰────────────────────────────────────────────────────────────────╯              
╭──────────────────────────────────────────────────────╮                        
│Scaling Events [4]                                    │                        
│[2026-01-15T10:00:15Z] ECS service scaled from 2 to   │                        
│                                                      │                        
│                                                      │                        
│                                                      │                        
│                                                      │                        
│                                                      │                        
│                                                      │                        
│                                                      │                        
│                                                      │                        
│                                                      │                        
│                                                      │                        
│                                                      │                        
│                                                      │                        
│                                                      │                        
│                                                      │                        
╰──────────────────────────────────────────────────────╯                        
  Verdict: PASS                                                                 
  ✓ All k6 thresholds passed                                                    
  ✓ Zero 5xx errors                                                             
                                                                                
  q quit · tab next panel · ↑↓ scroll · e export JSON · o open HTML · r raw view