k6delta: test-app (staging) -- smoke                                                                                      
                                                                                                                          
 ◯ AWS credentials                                                                                                        
 ◯ Pre-snapshot                                                                                                           
 ◯ Running k6                                                                                                             
 ◯ Post-snapshot                                                                                                          
 ◯ Analysis                                                                                                               
 ◯ Report                                                                                                                 
                                                                                                                          
╭──────────────╮╭──────────────╮╭──────────────╮╭──────────────╮╭──────────────╮                                          
│  150.0ms     ││     0%       ││   83.3/s     ││    55%       ││     4        │                                          
│    p95       ││▰░░░░░░░░░░░  ││    rps       ││▰▰▰▰▰▰░░░░░░  ││   ▲ 4→4      │                                          
╰──────────────╯│    err       │╰──────────────╯│    cpu       ││   scale      │                                          
                ╰──────────────╯                ╰──────────────╯╰──────────────╯                                          
╭───────────────────────────────────────────────────────────╮                                                             
│k6 Summary [1] [Enter]                                     │                                                             
│ p95 latency                 150.0ms                       │                                                             
│ p90 latency                 120.0ms                       │                                                             
│ Checks                      99.8%                         │                                                             
│ Total reqs                  5000                          │                                                             
│                                                           │                                                             
│                                                           │                                                             
│                                                           │                                                             
│                                                           │                                                             
│                                                           │                                                             
│                                                           │                                                             
│                                                           │                                                             
│                                                           │                                                             
│                                                           │                                                             
│                                                           │                                                             
│                                                           │                                                             
│                                                           │                                                             
│                                                           │                                                             
╰───────────────────────────────────────────────────────────╯                                                             
╭────────────────────────────────────────────────────────────────╮╭──────────────────────────────────────────────────────╮
│Infrastructure [3]                                              ││Scaling Events [4]                                    │
│ ╭──────────────╮╭──────────────╮╭──────────────╮               ││   cpu   ▁▁▁▁▁▁▁▁▁▁▁▁▁▁▁▁▁▁▁▁▁▁▁▁▁▅▆█▇▅  55% peak     │
│ │    55%       ││    530%      ││     4        │               ││   mem   ▁▁▁▁▁▁▁▁▁▁▁▁▁▁▁▁▁▁▁▁▁▁▁▁▁▇▇█▇▇  530% peak    │
│ │░░░░░░░░░░░░  ││░░░░░░░░░░░░  ││   ▲ 4→4      │               ││   even                                               │
│ │   ▁▃█▅▂      ││   ▁▄█▆▃      ││   tasks      │               ││ ts    ·······▸──────────────✓·······                 │
│ │    cpu       ││    mem       │╰──────────────╯               ││                                                      │
│ ╰──────────────╯╰──────────────╯                               ││                                                      │
│                                                                ││                                                      │
│ ╭──────────────╮                                               ││                                                      │
│ │     2        │                                               ││                                                      │
│ │   ▲ 2→2      │                                               ││                                                      │
│ │    asg       │                                               ││                                                      │
│ ╰──────────────╯                                               ││                                                      │
│                                                                ││                                                      │
│                                                                ││                                                      │
╰────────────────────────────────────────────────────────────────╯╰──────────────────────────────────────────────────────╯
╭──────────────────────────────────────────────────────────────────────────────────────────────────────────────────────╮  
│  ✓  P A S S                                                                                                          │  
│  All k6 thresholds passed                                                                                            │  
│  Zero 5xx errors                                                                                                     │  
╰──────────────────────────────────────────────────────────────────────────────────────────────────────────────────────╯  
                                                                                                                          
  q quit · tab panel · 1-4 jump · + expand · ↑↓ scroll · e export · o open · r raw · ? help                               