k6delta: test-app (staging) -- smoke                                                                                    
                                                                                                                        
  ◯ AWS credentials                                                                                                     
  ◯ Pre-snapshot                                                                                                        
  ◯ Running k6                                                                                                          
  ◯ Post-snapshot                                                                                                       
  ◯ Analysis                                                                                                            
  ◯ Report                                                                                                              
                                                                                                                        
╭──────────────╮╭──────────────╮╭──────────────╮╭──────────────╮╭──────────────╮                                        
│  150.0ms     ││     0%       ││   83.3/s     ││    55%       ││     4        │                                        
│    p95       ││▰░░░░░░░░░░░  ││    rps       ││▰▰▰▰▰▰░░░░░░  ││   ▲ 4→4      │                                        
╰──────────────╯│    err       │╰──────────────╯│    cpu       ││   scale      │                                        
                ╰──────────────╯                ╰──────────────╯╰──────────────╯                                        
╭───────────────────────────────────────────────────────────╮                                                           
│k6 Summary [1]                                             │                                                           
│p95 latency                 150.0ms                        │                                                           
│p90 latency                 120.0ms                        │                                                           
│Checks                      99.8%                          │                                                           
│Total reqs                  5000                           │                                                           
│                                                           │                                                           
│                                                           │                                                           
│                                                           │                                                           
│                                                           │                                                           
│                                                           │                                                           
│                                                           │                                                           
│                                                           │                                                           
│                                                           │                                                           
│                                                           │                                                           
│                                                           │                                                           
│                                                           │                                                           
│                                                           │                                                           
│                                                           │                                                           
╰───────────────────────────────────────────────────────────╯                                                           
╭───────────────────────────────────────────────────────────╮                                                           
│Graphs [2]                                                 │                                                           
│No metric data for graphs                                  │                                                           
│                                                           │                                                           
│                                                           │                                                           
│                                                           │                                                           
│                                                           │                                                           
│                                                           │                                                           
│                                                           │                                                           
│                                                           │                                                           
│                                                           │                                                           
│                                                           │                                                           
│                                                           │                                                           
│                                                           │                                                           
│                                                           │                                                           
│                                                           │                                                           
│                                                           │                                                           
│                                                           │                                                           
│                                                           │                                                           
╰───────────────────────────────────────────────────────────╯                                                           
╭────────────────────────────────────────────────────────────────╮                                                      
│Infrastructure [3]                                              │                                                      
│╭──────────────╮╭──────────────╮╭──────────────╮                │                                                      
││    55%       ││    530%      ││     4        │                │                                                      
││░░░░░░░░░░░░  ││░░░░░░░░░░░░  ││   ▲ 4→4      │                │                                                      
││   ▁▃█▅▂      ││   ▁▄█▆▃      ││   tasks      │                │                                                      
││    cpu       ││    mem       │╰──────────────╯                │                                                      
│╰──────────────╯╰──────────────╯                                │                                                      
│╭──────────────╮                                                │                                                      
││     2        │                                                │                                                      
││   ▲ 2→2      │                                                │                                                      
││    asg       │                                                │                                                      
│╰──────────────╯                                                │                                                      
│                                                                │                                                      
│                                                                │                                                      
│                                                                │                                                      
╰────────────────────────────────────────────────────────────────╯                                                      
╭──────────────────────────────────────────────────────╮                                                                
│Scaling Events [4]                                    │                                                                
│  cpu   ▁▁▁▁▁▁▁▁▁▁▁▁▁▁▁▁▁▁▁▁▁▁▁▁▁▅▆█▇▅  55% peak      │                                                                
│  mem   ▁▁▁▁▁▁▁▁▁▁▁▁▁▁▁▁▁▁▁▁▁▁▁▁▁▇▇█▇▇  530% peak     │                                                                
│  even                                                │                                                                
│ts    ·······▸──────────────✓·······                  │                                                                
│                                                      │                                                                
│                                                      │                                                                
│                                                      │                                                                
│                                                      │                                                                
│                                                      │                                                                
│                                                      │                                                                
│                                                      │                                                                
│                                                      │                                                                
│                                                      │                                                                
│                                                      │                                                                
╰──────────────────────────────────────────────────────╯                                                                
╭──────────────────────────────────────────────────────────────────────────────────────────────────────────────────────╮
│  ✓  P A S S                                                                                                          │
│  All k6 thresholds passed                                                                                            │
│  Zero 5xx errors                                                                                                     │
╰──────────────────────────────────────────────────────────────────────────────────────────────────────────────────────╯
                                                                                                                        
  q quit · tab panel · 1-4 jump · + expand · ↑↓ scroll · e export · o open · r raw · ? help                             